{
  "receivers": [
    "admin@gmail.com"
  ],
  "report_type": "FINOPS",
  "customer": "TEST_CUSTOMER",
  "from": "2025-01-28T15:17:55.159237Z",
  "to": "2025-02-04T15:17:55.159237Z",
  "outdated_tenants": [],
  "externalData": false,
  "data": {
    "AWS": {
      "account_id": "123456789012",
      "tenant_name": "AWS-TESTING",
      "last_scan_date": "2025-02-04T00:16:38.206921Z",
      "activated_regions": [
        "eu-central-1",
        "eu-north-1",
        "eu-west-1",
        "eu-west-3"
      ],
      "service_data": [
        {
          "service_section": "Compute",
          "rules_data": [
            {
              "rule": "Description for ecc-aws-070-unused_ec2_security_groups",
              "service": "Security Group",
              "category": "Unused Resources",
              "severity": "Unknown",
              "resource_type": "Security Group",
              "regions_data": {
                "eu-central-1": {
                  "total_violated_resources": {
                    "value": 3
                  }
                }
              }
            }
          ]
        }
      ]
    },
    "AZURE": {
      "account_id": "3d615fa8-05c6-47ea-990d-9d162testing",
      "tenant_name": "AZURE-TESTING",
      "last_scan_date": "2025-02-04T00:16:38.206921Z",
      "activated_regions": [],
      "service_data": []
    },
    "GOOGLE": {
      "account_id": "testing-project-123",
      "tenant_name": "GOOGLE-TESTING",
      "last_scan_date": "2025-02-04T00:16:38.206921Z",
      "activated_regions": [],
      "service_data": []
    }
  },
  "tenant_display_name": "testing"
}
