{
  "receivers": [
    "admin@gmail.com"
  ],
  "customer": "TEST_CUSTOMER",
  "from": "2025-05-18T14:41:49.926725Z",
  "to": "2025-05-25T14:41:49.926725Z",
  "outdated_tenants": [],
  "externalData": false,
  "data": {
    "AWS": {
      "account_id": "123456789012",
      "tenant_name": "AWS-TESTING",
      "last_scan_date": "2025-05-25T00:28:20.743937Z",
      "activated_regions": [
        "eu-central-1",
        "eu-north-1",
        "eu-west-1",
        "eu-west-3"
      ],
      "total_scans": 2,
      "failed_scans": 1,
      "succeeded_scans": 1,
      "resources_violated": 23,
      "regions_data": {
        "eu-central-1": {
          "severity_data": {
            "Unknown": 7
          },
          "resource_types_data": {
            "Security Group": 3,
            "Sns": 3,
            "S3": 1
          }
        },
        "global": {
          "severity_data": {
            "Unknown": 4
          },
          "resource_types_data": {
            "Cloudtrail": 1,
            "Iam Group": 3
          }
        },
        "eu-west-1": {
          "severity_data": {
            "Unknown": 10
          },
          "resource_types_data": {
            "S3": 4,
            "Ebs": 2,
            "Ec2": 2,
            "Ecr": 2
          }
        },
        "eu-west-3": {
          "severity_data": {
            "Unknown": 1
          },
          "resource_types_data": {
            "S3": 1
          }
        },
        "eu-north-1": {
          "severity_data": {
            "Unknown": 1
          },
          "resource_types_data": {
            "S3": 1
          }
        }
      }
    },
    "AZURE": {
      "account_id": "3d615fa8-05c6-47ea-990d-9d162testing",
      "tenant_name": "AZURE-TESTING",
      "last_scan_date": "2025-05-25T00:28:20.743937Z",
      "activated_regions": [],
      "total_scans": 2,
      "failed_scans": 1,
      "succeeded_scans": 1,
      "resources_violated": 5,
      "regions_data": {
        "global": {
          "severity_data": {
            "Unknown": 5
          },
          "resource_types_data": {
            "Defender Pricing": 5
          }
        }
      }
    },
    "GOOGLE": {
      "account_id": "testing-project-123",
      "tenant_name": "GOOGLE-TESTING",
      "last_scan_date": "2025-05-25T00:28:20.743937Z",
      "activated_regions": [],
      "total_scans": 2,
      "failed_scans": 1,
      "succeeded_scans": 1,
      "resources_violated": 9,
      "regions_data": {
        "global": {
          "severity_data": {
            "Unknown": 5
          },
          "resource_types_data": {
            "Vpc": 1,
            "Firewall": 4
          }
        },
        "europe-west10": {
          "severity_data": {
            "Unknown": 1
          },
          "resource_types_data": {
            "Subnet": 1
          }
        },
        "us-west8": {
          "severity_data": {
            "Unknown": 1
          },
          "resource_types_data": {
            "Subnet": 1
          }
        },
        "africa-south1": {
          "severity_data": {
            "Unknown": 1
          },
          "resource_types_data": {
            "Subnet": 1
          }
        },
        "northamerica-south1": {
          "severity_data": {
            "Unknown": 1
          },
          "resource_types_data": {
            "Subnet": 1
          }
        }
      }
    }
  },
  "tenant_display_name": "testing"
}
