{
  "receivers": [],
  "customer": "TEST_CUSTOMER",
  "from": "2025-06-01T00:00:00Z",
  "to": "2025-07-01T00:00:00Z",
  "outdated_tenants": [],
  "externalData": false,
  "data": [
    {
      "tenant_display_name": "testing",
      "sort_by": 37,
      "data": {
        "GOOGLE": {
          "last_scan_date": "2025-07-28T00:59:27.298066Z",
          "activated_regions": [],
          "tenant_name": "GOOGLE-TESTING",
          "account_id": "testing-project-123",
          "total_scans": {
            "value": 2
          },
          "succeeded_scans": {
            "value": 1
          },
          "failed_scans": {
            "value": 1
          },
          "resources_violated": {
            "value": 9
          },
          "resource_types_data": {
            "gcp.vpc": {
              "value": 1
            },
            "gcp.firewall": {
              "value": 4
            },
            "gcp.subnet": {
              "value": 4
            }
          },
          "severity_data": {
            "Unknown": {
              "value": 9
            }
          }
        },
        "AWS": {
          "last_scan_date": "2025-07-28T00:59:27.298066Z",
          "activated_regions": [
            "eu-central-1",
            "eu-north-1",
            "eu-west-1",
            "eu-west-3"
          ],
          "tenant_name": "AWS-TESTING",
          "account_id": "123456789012",
          "total_scans": {
            "value": 2
          },
          "succeeded_scans": {
            "value": 1
          },
          "failed_scans": {
            "value": 1
          },
          "resources_violated": {
            "value": 23
          },
          "resource_types_data": {
            "aws.security-group": {
              "value": 3
            },
            "aws.sns": {
              "value": 3
            },
            "aws.s3": {
              "value": 7
            },
            "aws.cloudtrail": {
              "value": 1
            },
            "aws.iam-group": {
              "value": 3
            },
            "aws.ebs": {
              "value": 2
            },
            "aws.ec2": {
              "value": 2
            },
            "aws.ecr": {
              "value": 2
            }
          },
          "severity_data": {
            "Unknown": {
              "value": 23
            }
          }
        },
        "AZURE": {
          "last_scan_date": "2025-07-28T00:59:27.298066Z",
          "activated_regions": [],
          "tenant_name": "AZURE-TESTING",
          "account_id": "3d615fa8-05c6-47ea-990d-9d162testing",
          "total_scans": {
            "value": 2
          },
          "succeeded_scans": {
            "value": 1
          },
          "failed_scans": {
            "value": 1
          },
          "resources_violated": {
            "value": 5
          },
          "resource_types_data": {
            "azure.defender-pricing": {
              "value": 5
            }
          },
          "severity_data": {
            "Unknown": {
              "value": 5
            }
          }
        }
      }
    }
  ]
}
