{
  "receivers": [
    "admin@gmail.com"
  ],
  "customer": "TEST_CUSTOMER",
  "from": "2025-01-01T00:00:00Z",
  "to": "2025-02-01T00:00:00Z",
  "outdated_tenants": [],
  "externalData": false,
  "data": {
    "AWS": [
      {
        "tactic": "Collection",
        "tactic_id": "TA0009",
        "severity_data": {
          "Unknown": {
            "value": 3
          }
        }
      }
    ],
    "AZURE": [],
    "GOOGLE": []
  }
}