{
  "receivers": [
    "admin@gmail.com"
  ],
  "customer": "TEST_CUSTOMER",
  "from": "2025-01-01T00:00:00Z",
  "to": "2025-02-01T00:00:00Z",
  "outdated_tenants": [],
  "externalData": false,
  "data": {
    "AWS": {
      "activated": true,
      "license_properties": {
        "Rulesets": [
          "AWS 1.0.0"
        ],
        "Number of licenses": 1,
        "Event-Driven mode": "On",
        "Scans frequency": "10 scans per DAY",
        "Expiration": "Feb 01, 2100 15:24:26 UTC"
      },
      "total_scanned_tenants": 1,
      "last_scan_date": "2025-02-03T00:18:28.047393Z",
      "average_data": [
        {
          "name": "Standard1 v1.0.0",
          "value": 50.0
        },
        {
          "name": "Standard1 v2.0.0",
          "value": 25.0
        },
        {
          "name": "Standard2",
          "value": 12.5
        }
      ]
    },
    "AZURE": {
      "activated": true,
      "license_properties": {
        "Rulesets": [
          "AZURE 1.0.0"
        ],
        "Number of licenses": 1,
        "Event-Driven mode": "On",
        "Scans frequency": "10 scans per DAY",
        "Expiration": "Feb 01, 2100 15:24:26 UTC"
      },
      "total_scanned_tenants": 1,
      "last_scan_date": "2025-02-03T00:18:28.047393Z",
      "average_data": []
    },
    "GOOGLE": {
      "activated": true,
      "license_properties": {
        "Rulesets": [
          "GOOGLE 1.0.0"
        ],
        "Number of licenses": 1,
        "Event-Driven mode": "On",
        "Scans frequency": "10 scans per DAY",
        "Expiration": "Feb 01, 2100 15:24:26 UTC"
      },
      "total_scanned_tenants": 1,
      "last_scan_date": "2025-02-03T00:18:28.047393Z",
      "average_data": []
    }
  }
}