{
  "receivers": [
    "admin@gmail.com"
  ],
  "report_type": "OVERVIEW",
  "customer": "TEST_CUSTOMER",
  "from": "2025-01-01T00:00:00Z",
  "to": "2025-02-01T00:00:00Z",
  "outdated_tenants": [],
  "externalData": false,
  "data": {
    "AWS": {
      "failed_scans": {
        "value": 1
      },
      "last_scan_date": "2025-02-01T00:17:25.830309Z",
      "resources_violated": {
        "value": 23
      },
      "resource_types_data": {
        "Security Group": {
          "value": 3
        },
        "Sns": {
          "value": 3
        },
        "S3": {
          "value": 7
        },
        "Cloudtrail": {
          "value": 1
        },
        "Iam Group": {
          "value": 3
        },
        "Ebs": {
          "value": 2
        },
        "Ec2": {
          "value": 2
        },
        "Ecr": {
          "value": 2
        }
      },
      "severity_data": {
        "Unknown": {
          "value": 23
        }
      },
      "succeeded_scans": {
        "value": 2
      },
      "total_scanned_tenants": 1,
      "total_scans": {
        "value": 3
      },
      "activated": true,
      "license_properties": {
        "Rulesets": [
          "AWS 1.0.0"
        ],
        "Number of licenses": 1,
        "Event-Driven mode": "On",
        "Scans frequency": "10 scans per DAY",
        "Expiration": "Feb 01, 2100 15:24:26 UTC"
      }
    },
    "AZURE": {
      "failed_scans": {
        "value": 1
      },
      "last_scan_date": "2025-02-01T00:17:25.830309Z",
      "resources_violated": {
        "value": 5
      },
      "resource_types_data": {
        "Defender Pricing": {
          "value": 5
        }
      },
      "severity_data": {
        "Unknown": {
          "value": 5
        }
      },
      "succeeded_scans": {
        "value": 2
      },
      "total_scanned_tenants": 1,
      "total_scans": {
        "value": 3
      },
      "activated": true,
      "license_properties": {
        "Rulesets": [
          "AZURE 1.0.0"
        ],
        "Number of licenses": 1,
        "Event-Driven mode": "On",
        "Scans frequency": "10 scans per DAY",
        "Expiration": "Feb 01, 2100 15:24:26 UTC"
      }
    },
    "GOOGLE": {
      "failed_scans": {
        "value": 1
      },
      "last_scan_date": "2025-02-01T00:17:25.830309Z",
      "resources_violated": {
        "value": 9
      },
      "resource_types_data": {
        "Vpc": {
          "value": 1
        },
        "Firewall": {
          "value": 4
        },
        "Subnet": {
          "value": 4
        }
      },
      "severity_data": {
        "Unknown": {
          "value": 9
        }
      },
      "succeeded_scans": {
        "value": 2
      },
      "total_scanned_tenants": 1,
      "total_scans": {
        "value": 3
      },
      "activated": true,
      "license_properties": {
        "Rulesets": [
          "GOOGLE 1.0.0"
        ],
        "Number of licenses": 1,
        "Event-Driven mode": "On",
        "Scans frequency": "10 scans per DAY",
        "Expiration": "Feb 01, 2100 15:24:26 UTC"
      }
    }
  }
}