{
  "outdated_tenants": [],
  "data": {
    "AWS": {
      "account_id": "123456789012",
      "tenant_name": "AWS-TESTING",
      "last_scan_date": "2025-07-28T00:48:07.120839Z",
      "activated_regions": [
        "eu-central-1",
        "eu-west-1",
        "eu-west-3",
        "eu-north-1"
      ],
      "total_scans": 2,
      "failed_scans": 1,
      "succeeded_scans": 1,
      "resources_violated": 23,
      "regions_data": {
        "eu-central-1": {
          "severity_data": {
            "Info": 0,
            "Low": 0,
            "Medium": 0,
            "High": 0,
            "Unknown": 7
          },
          "resource_types_data": {
            "aws.security-group": 3,
            "aws.sns": 3,
            "aws.s3": 1
          }
        },
        "global": {
          "severity_data": {
            "Info": 0,
            "Low": 0,
            "Medium": 0,
            "High": 0,
            "Unknown": 4
          },
          "resource_types_data": {
            "aws.cloudtrail": 1,
            "aws.iam-group": 3
          }
        },
        "eu-west-1": {
          "severity_data": {
            "Info": 0,
            "Low": 0,
            "Medium": 0,
            "High": 0,
            "Unknown": 10
          },
          "resource_types_data": {
            "aws.s3": 4,
            "aws.ebs": 2,
            "aws.ec2": 2,
            "aws.ecr": 2
          }
        },
        "eu-north-1": {
          "severity_data": {
            "Info": 0,
            "Low": 0,
            "Medium": 0,
            "High": 0,
            "Unknown": 1
          },
          "resource_types_data": {
            "aws.s3": 1
          }
        },
        "eu-west-3": {
          "severity_data": {
            "Info": 0,
            "Low": 0,
            "Medium": 0,
            "High": 0,
            "Unknown": 1
          },
          "resource_types_data": {
            "aws.s3": 1
          }
        }
      }
    },
    "AZURE": {
      "account_id": "3d615fa8-05c6-47ea-990d-9d162testing",
      "tenant_name": "AZURE-TESTING",
      "last_scan_date": "2025-07-28T00:48:07.120839Z",
      "activated_regions": [],
      "total_scans": 2,
      "failed_scans": 1,
      "succeeded_scans": 1,
      "resources_violated": 5,
      "regions_data": {
        "global": {
          "severity_data": {
            "Info": 0,
            "Low": 0,
            "Medium": 0,
            "High": 0,
            "Unknown": 5
          },
          "resource_types_data": {
            "azure.defender-pricing": 5
          }
        }
      }
    },
    "GOOGLE": {
      "account_id": "testing-project-123",
      "tenant_name": "GOOGLE-TESTING",
      "last_scan_date": "2025-07-28T00:48:07.120839Z",
      "activated_regions": [],
      "total_scans": 2,
      "failed_scans": 1,
      "succeeded_scans": 1,
      "resources_violated": 9,
      "regions_data": {
        "global": {
          "severity_data": {
            "Info": 0,
            "Low": 0,
            "Medium": 0,
            "High": 0,
            "Unknown": 5
          },
          "resource_types_data": {
            "gcp.vpc": 1,
            "gcp.firewall": 4
          }
        },
        "northamerica-south1": {
          "severity_data": {
            "Info": 0,
            "Low": 0,
            "Medium": 0,
            "High": 0,
            "Unknown": 1
          },
          "resource_types_data": {
            "gcp.subnet": 1
          }
        },
        "us-west8": {
          "severity_data": {
            "Info": 0,
            "Low": 0,
            "Medium": 0,
            "High": 0,
            "Unknown": 1
          },
          "resource_types_data": {
            "gcp.subnet": 1
          }
        },
        "europe-west10": {
          "severity_data": {
            "Info": 0,
            "Low": 0,
            "Medium": 0,
            "High": 0,
            "Unknown": 1
          },
          "resource_types_data": {
            "gcp.subnet": 1
          }
        },
        "africa-south1": {
          "severity_data": {
            "Info": 0,
            "Low": 0,
            "Medium": 0,
            "High": 0,
            "Unknown": 1
          },
          "resource_types_data": {
            "gcp.subnet": 1
          }
        }
      }
    }
  }
}
