{
  "outdated_tenants": [],
  "data": {
    "AWS": {
      "account_id": "123456789012",
      "tenant_name": "AWS-TESTING",
      "last_scan_date": "2025-07-28T00:57:21.839386Z",
      "activated_regions": [
        "eu-west-3",
        "eu-west-1",
        "eu-central-1",
        "eu-north-1"
      ],
      "service_data": [
        {
          "service_section": "Compute",
          "rules_data": [
            {
              "rule": "Description for ecc-aws-070-unused_ec2_security_groups",
              "policy": "ecc-aws-070-unused_ec2_security_groups",
              "service": "Security Group",
              "category": "Unused Resources",
              "severity": "Unknown",
              "resource_type": "aws.security-group",
              "regions_data": {
                "eu-central-1": {
                  "total_violated_resources": 3
                }
              }
            }
          ]
        }
      ]
    },
    "AZURE": {
      "account_id": "3d615fa8-05c6-47ea-990d-9d162testing",
      "tenant_name": "AZURE-TESTING",
      "last_scan_date": "2025-07-28T00:57:21.839386Z",
      "activated_regions": [],
      "service_data": []
    },
    "GOOGLE": {
      "account_id": "testing-project-123",
      "tenant_name": "GOOGLE-TESTING",
      "last_scan_date": "2025-07-28T00:57:21.839386Z",
      "activated_regions": [],
      "service_data": []
    }
  }
}
