{
  "outdated_tenants": [],
  "data": {
    "AWS": [
      {
        "account_id": "123456789012",
        "tenant_name": "AWS-TESTING",
        "last_scan_date": "2025-03-04T00:51:40.379739Z",
        "activated_regions": [
          "eu-central-1",
          "eu-north-1",
          "eu-west-1",
          "eu-west-3"
        ],
        "mitre_data": [
          {
            "tactic_name": "Collection",
            "tactic_id": "TA0009",
            "technique_name": "testing0",
            "technique_id": "T0",
            "sub_technique_name": "sub0",
            "sub_technique_id": "T0.0",
            "regions": {
              "eu-central-1": {
                "Unknown": 3
              }
            }
          },
          {
            "tactic_name": "Collection",
            "tactic_id": "TA0009",
            "technique_name": "testing0",
            "technique_id": "T0",
            "sub_technique_name": "sub1",
            "sub_technique_id": "T0.1",
            "regions": {
              "eu-central-1": {
                "Unknown": 3
              }
            }
          },
          {
            "tactic_name": "Collection",
            "tactic_id": "TA0009",
            "technique_name": "testing1",
            "technique_id": "T1",
            "sub_technique_name": "sub0",
            "sub_technique_id": "T1.0",
            "regions": {
              "eu-central-1": {
                "Unknown": 3
              }
            }
          }
        ]
      }
    ],
    "AZURE": [
      {
        "account_id": "3d615fa8-05c6-47ea-990d-9d162testing",
        "tenant_name": "AZURE-TESTING",
        "last_scan_date": "2025-03-04T00:51:40.379739Z",
        "activated_regions": [],
        "mitre_data": []
      }
    ],
    "GOOGLE": [
      {
        "account_id": "testing-project-123",
        "tenant_name": "GOOGLE-TESTING",
        "last_scan_date": "2025-03-04T00:51:40.379739Z",
        "activated_regions": [],
        "mitre_data": []
      }
    ]
  }
}