{
  "succeeded_scans": 1,
  "activated_regions": [
    "eu-central-1",
    "eu-north-1",
    "eu-west-1",
    "eu-west-3"
  ],
  "last_scan_date": "2025-08-01T00:46:28.310337Z",
  "id": "123456789012",
  "data": [
    {
      "policy": "Description for ecc-aws-427-rds_cluster_without_tag_information",
      "region": "eu-west-1",
      "resource_type": "aws.rds-cluster",
      "service": "Rds Cluster",
      "severity": "Unknown",
      "invocations": 1,
      "succeeded_invocations": 0,
      "failed_invocations": 1,
      "total_api_calls": {},
      "min_exec": 0.007827043533325195,
      "max_exec": 0.007827043533325195,
      "total_exec": 0.007827043533325195,
      "average_exec": 0.007827043533325195,
      "resources_failed": 0,
      "resources_scanned": 0,
      "average_resources_scanned": 0,
      "average_resources_failed": 0
    },
    {
      "policy": "Description for ecc-aws-149-rds_public_access_disabled",
      "region": "eu-west-1",
      "resource_type": "aws.rds",
      "service": "Rds",
      "severity": "Unknown",
      "invocations": 1,
      "succeeded_invocations": 1,
      "failed_invocations": 0,
      "total_api_calls": {},
      "min_exec": 0.009357213973999023,
      "max_exec": 0.009357213973999023,
      "total_exec": 0.009357213973999023,
      "average_exec": 0.009357213973999023,
      "resources_failed": 0,
      "resources_scanned": 0,
      "average_resources_scanned": 0,
      "average_resources_failed": 0
    },
    {
      "policy": "Description for ecc-aws-167-security_group_ingress_is_restricted_traffic_to_port_143",
      "region": "eu-west-1",
      "resource_type": "aws.security-group",
      "service": "Security Group",
      "severity": "Unknown",
      "invocations": 1,
      "succeeded_invocations": 1,
      "failed_invocations": 0,
      "total_api_calls": {},
      "min_exec": 0.0016508102416992188,
      "max_exec": 0.0016508102416992188,
      "total_exec": 0.0016508102416992188,
      "average_exec": 0.0016508102416992188,
      "resources_failed": 0,
      "resources_scanned": 0,
      "average_resources_scanned": 0,
      "average_resources_failed": 0
    },
    {
      "policy": "Description for ecc-aws-575-ebs_volumes_attached_to_stopped_ec2_instances",
      "region": "eu-west-1",
      "resource_type": "aws.ebs",
      "service": "Ebs",
      "severity": "Unknown",
      "invocations": 1,
      "succeeded_invocations": 1,
      "failed_invocations": 0,
      "total_api_calls": {
        "ec2.DescribeInstances": 1
      },
      "min_exec": 0.7234878540039062,
      "max_exec": 0.7234878540039062,
      "total_exec": 0.7234878540039062,
      "average_exec": 0.7234878540039062,
      "resources_failed": 2,
      "resources_scanned": 0,
      "average_resources_scanned": 0,
      "average_resources_failed": 2
    },
    {
      "policy": "Description for ecc-aws-490-ec2_token_hop_limit_check",
      "region": "eu-west-1",
      "resource_type": "aws.ec2",
      "service": "Ec2",
      "severity": "Unknown",
      "invocations": 1,
      "succeeded_invocations": 1,
      "failed_invocations": 0,
      "total_api_calls": {},
      "min_exec": 0.002150297164916992,
      "max_exec": 0.002150297164916992,
      "total_exec": 0.002150297164916992,
      "average_exec": 0.002150297164916992,
      "resources_failed": 2,
      "resources_scanned": 0,
      "average_resources_scanned": 0,
      "average_resources_failed": 2
    },
    {
      "policy": "Description for ecc-aws-229-ecr_repository_kms_encryption_enabled",
      "region": "eu-west-1",
      "resource_type": "aws.ecr",
      "service": "Ecr",
      "severity": "Unknown",
      "invocations": 1,
      "succeeded_invocations": 1,
      "failed_invocations": 0,
      "total_api_calls": {},
      "min_exec": 0.003831624984741211,
      "max_exec": 0.003831624984741211,
      "total_exec": 0.003831624984741211,
      "average_exec": 0.003831624984741211,
      "resources_failed": 2,
      "resources_scanned": 0,
      "average_resources_scanned": 0,
      "average_resources_failed": 2
    },
    {
      "policy": "Description for ecc-aws-374-cloudtrail_logs_data_events",
      "region": "eu-west-1",
      "resource_type": "aws.cloudtrail",
      "service": "Cloudtrail",
      "severity": "Unknown",
      "invocations": 1,
      "succeeded_invocations": 1,
      "failed_invocations": 0,
      "total_api_calls": {
        "cloudtrail.GetEventSelectors": 1
      },
      "min_exec": 0.2736930847167969,
      "max_exec": 0.2736930847167969,
      "total_exec": 0.2736930847167969,
      "average_exec": 0.2736930847167969,
      "resources_failed": 1,
      "resources_scanned": 0,
      "average_resources_scanned": 0,
      "average_resources_failed": 1
    },
    {
      "policy": "Description for ecc-aws-150-api_gateway_rest_api_encryption_at_rest",
      "region": "eu-central-1",
      "resource_type": "aws.rest-stage",
      "service": "Security Group",
      "severity": "Unknown",
      "invocations": 1,
      "succeeded_invocations": 1,
      "failed_invocations": 0,
      "total_api_calls": {
        "apigateway.GetStages": 1
      },
      "min_exec": 0.2259540557861328,
      "max_exec": 0.2259540557861328,
      "total_exec": 0.2259540557861328,
      "average_exec": 0.2259540557861328,
      "resources_failed": 0,
      "resources_scanned": 0,
      "average_resources_scanned": 0,
      "average_resources_failed": 0
    },
    {
      "policy": "Description for ecc-aws-070-unused_ec2_security_groups",
      "region": "eu-central-1",
      "resource_type": "aws.security-group",
      "service": "Security Group",
      "severity": "Unknown",
      "invocations": 1,
      "succeeded_invocations": 1,
      "failed_invocations": 0,
      "total_api_calls": {
        "ec2.DescribeNetworkInterfaces": 1,
        "lambda.ListFunctions": 1,
        "autoscaling.DescribeLaunchConfigurations": 1,
        "events.ListRules": 1,
        "events.ListTargetsByRule": 22,
        "codebuild.ListProjects": 1,
        "codebuild.BatchGetProjects": 1,
        "tagging.GetResources": 1,
        "batch.DescribeComputeEnvironments": 1,
        "ec2.DescribeSecurityGroupReferences": 1
      },
      "min_exec": 5.469567060470581,
      "max_exec": 5.469567060470581,
      "total_exec": 5.469567060470581,
      "average_exec": 5.469567060470581,
      "resources_failed": 3,
      "resources_scanned": 0,
      "average_resources_scanned": 0,
      "average_resources_failed": 3
    },
    {
      "policy": "Description for ecc-aws-374-cloudtrail_logs_data_events",
      "region": "eu-central-1",
      "resource_type": "aws.cloudtrail",
      "service": "Cloudtrail",
      "severity": "Unknown",
      "invocations": 1,
      "succeeded_invocations": 1,
      "failed_invocations": 0,
      "total_api_calls": {
        "cloudtrail.GetEventSelectors": 1
      },
      "min_exec": 0.22687506675720215,
      "max_exec": 0.22687506675720215,
      "total_exec": 0.22687506675720215,
      "average_exec": 0.22687506675720215,
      "resources_failed": 1,
      "resources_scanned": 0,
      "average_resources_scanned": 0,
      "average_resources_failed": 1
    },
    {
      "policy": "Description for ecc-aws-221-sns_kms_encryption_enabled",
      "region": "eu-central-1",
      "resource_type": "aws.sns",
      "service": "Sns",
      "severity": "Unknown",
      "invocations": 1,
      "succeeded_invocations": 1,
      "failed_invocations": 0,
      "total_api_calls": {
        "sns.ListTopics": 1,
        "sns.GetTopicAttributes": 7,
        "tagging.GetResources": 1
      },
      "min_exec": 1.1864230632781982,
      "max_exec": 1.1864230632781982,
      "total_exec": 1.1864230632781982,
      "average_exec": 1.1864230632781982,
      "resources_failed": 3,
      "resources_scanned": 0,
      "average_resources_scanned": 0,
      "average_resources_failed": 3
    },
    {
      "policy": "Description for ecc-aws-112-s3_bucket_versioning_mfa_delete_enabled",
      "region": "global",
      "resource_type": "aws.s3",
      "service": "S3",
      "severity": "Unknown",
      "invocations": 1,
      "succeeded_invocations": 1,
      "failed_invocations": 0,
      "total_api_calls": {},
      "min_exec": 0.0072710514068603516,
      "max_exec": 0.0072710514068603516,
      "total_exec": 0.0072710514068603516,
      "average_exec": 0.0072710514068603516,
      "resources_failed": 6,
      "resources_scanned": 0,
      "average_resources_scanned": 0,
      "average_resources_failed": 6
    },
    {
      "policy": "Description for ecc-aws-499-iam_group_has_users_check",
      "region": "global",
      "resource_type": "aws.iam-group",
      "service": "Iam Group",
      "severity": "Unknown",
      "invocations": 1,
      "succeeded_invocations": 1,
      "failed_invocations": 0,
      "total_api_calls": {
        "iam.GetGroup": 9
      },
      "min_exec": 2.197046995162964,
      "max_exec": 2.197046995162964,
      "total_exec": 2.197046995162964,
      "average_exec": 2.197046995162964,
      "resources_failed": 3,
      "resources_scanned": 0,
      "average_resources_scanned": 0,
      "average_resources_failed": 3
    },
    {
      "policy": "Description for ecc-aws-516-s3_event_notifications_enabled",
      "region": "global",
      "resource_type": "aws.s3",
      "service": "S3",
      "severity": "Unknown",
      "invocations": 1,
      "succeeded_invocations": 1,
      "failed_invocations": 0,
      "total_api_calls": {},
      "min_exec": 0.008702993392944336,
      "max_exec": 0.008702993392944336,
      "total_exec": 0.008702993392944336,
      "average_exec": 0.008702993392944336,
      "resources_failed": 4,
      "resources_scanned": 0,
      "average_resources_scanned": 0,
      "average_resources_failed": 4
    },
    {
      "policy": "Description for ecc-aws-527-waf_global_webacl_not_empty",
      "region": "global",
      "resource_type": "aws.waf",
      "service": "Waf",
      "severity": "Unknown",
      "invocations": 1,
      "succeeded_invocations": 0,
      "failed_invocations": 1,
      "total_api_calls": {},
      "min_exec": 0.0009899139404296875,
      "max_exec": 0.0009899139404296875,
      "total_exec": 0.0009899139404296875,
      "average_exec": 0.0009899139404296875,
      "resources_failed": 0,
      "resources_scanned": 0,
      "average_resources_scanned": 0,
      "average_resources_failed": 0
    }
  ],
  "outdated_tenants": [],
  "resources_violated": 23
}
