{
  "total_scans": 2,
  "outdated_tenants": [],
  "failed_scans": 1,
  "succeeded_scans": 1,
  "activated_regions": [],
  "last_scan_date": "2025-02-04T00:12:48.301627Z",
  "id": "3d615fa8-05c6-47ea-990d-9d162testing",
  "resources_violated": 5,
  "total_findings": 5,
  "regions_data": {
    "global": {
      "severity": {
        "Unknown": 5
      },
      "service": {
        "Defender Pricing": 5
      },
      "resource_types": {
        "Defender Pricing": 5
      }
    }
  }
}
