{
  "succeeded_scans": 1,
  "activated_regions": [],
  "last_scan_date": "2025-08-13T00:54:38.131601Z",
  "id": "3d615fa8-05c6-47ea-990d-9d162testing",
  "data": [
    {
      "id": "ecc-azure-347-mysql_cmk",
      "policy": "Description for ecc-azure-347-mysql_cmk",
      "region": "global",
      "resource_type": "azure.mysql-flexibleserver",
      "service": "Mysql Flexibleserver",
      "severity": "Unknown",
      "invocations": 1,
      "succeeded_invocations": 1,
      "failed_invocations": 0,
      "total_api_calls": {},
      "min_exec": 0.004894256591796875,
      "max_exec": 0.004894256591796875,
      "total_exec": 0.004894256591796875,
      "average_exec": 0.004894256591796875,
      "resources_failed": 0,
      "resources_scanned": 0,
      "average_resources_scanned": 0,
      "average_resources_failed": 0
    },
    {
      "id": "ecc-azure-109-cis_sa_logging_blob",
      "policy": "Description for ecc-azure-109-cis_sa_logging_blob",
      "region": "global",
      "resource_type": "azure.storage",
      "service": "Storage",
      "severity": "Unknown",
      "invocations": 1,
      "succeeded_invocations": 1,
      "failed_invocations": 0,
      "total_api_calls": {},
      "min_exec": 0.0004978179931640625,
      "max_exec": 0.0004978179931640625,
      "total_exec": 0.0004978179931640625,
      "average_exec": 0.0004978179931640625,
      "resources_failed": 0,
      "resources_scanned": 0,
      "average_resources_scanned": 0,
      "average_resources_failed": 0
    },
    {
      "id": "ecc-azure-358-synapse_workspace_managed_vnet",
      "policy": "Description for ecc-azure-358-synapse_workspace_managed_vnet",
      "region": "global",
      "resource_type": "azure.synapse",
      "service": "Synapse",
      "severity": "Unknown",
      "invocations": 1,
      "succeeded_invocations": 1,
      "failed_invocations": 0,
      "total_api_calls": {},
      "min_exec": 0.000698089599609375,
      "max_exec": 0.000698089599609375,
      "total_exec": 0.000698089599609375,
      "average_exec": 0.000698089599609375,
      "resources_failed": 0,
      "resources_scanned": 0,
      "average_resources_scanned": 0,
      "average_resources_failed": 0
    },
    {
      "id": "ecc-azure-125-nsg_mysql",
      "policy": "Description for ecc-azure-125-nsg_mysql",
      "region": "global",
      "resource_type": "azure.networksecuritygroup",
      "service": "Networksecuritygroup",
      "severity": "Unknown",
      "invocations": 1,
      "succeeded_invocations": 0,
      "failed_invocations": 1,
      "total_api_calls": {},
      "min_exec": 0.0012412071228027344,
      "max_exec": 0.0012412071228027344,
      "total_exec": 0.0012412071228027344,
      "average_exec": 0.0012412071228027344,
      "resources_failed": 0,
      "resources_scanned": 0,
      "average_resources_scanned": 0,
      "average_resources_failed": 0
    },
    {
      "id": "ecc-azure-313-cis_postgresql_log_min_messages",
      "policy": "Description for ecc-azure-313-cis_postgresql_log_min_messages",
      "region": "global",
      "resource_type": "azure.postgresql-server",
      "service": "Postgresql Server",
      "severity": "Unknown",
      "invocations": 1,
      "succeeded_invocations": 0,
      "failed_invocations": 1,
      "total_api_calls": {},
      "min_exec": 0.0005691051483154297,
      "max_exec": 0.0005691051483154297,
      "total_exec": 0.0005691051483154297,
      "average_exec": 0.0005691051483154297,
      "resources_failed": 0,
      "resources_scanned": 0,
      "average_resources_scanned": 0,
      "average_resources_failed": 0
    },
    {
      "id": "ecc-azure-310-asb_defender_open_source_rds",
      "policy": "Description for ecc-azure-310-asb_defender_open_source_rds",
      "region": "global",
      "resource_type": "azure.defender-pricing",
      "service": "Defender Pricing",
      "severity": "Unknown",
      "invocations": 1,
      "succeeded_invocations": 1,
      "failed_invocations": 0,
      "total_api_calls": {},
      "min_exec": 0.0006470680236816406,
      "max_exec": 0.0006470680236816406,
      "total_exec": 0.0006470680236816406,
      "average_exec": 0.0006470680236816406,
      "resources_failed": 1,
      "resources_scanned": 5,
      "average_resources_scanned": 5,
      "average_resources_failed": 1
    },
    {
      "id": "ecc-azure-096-cis_sec_defender_azure_sql",
      "policy": "Description for ecc-azure-096-cis_sec_defender_azure_sql",
      "region": "global",
      "resource_type": "azure.defender-pricing",
      "service": "Defender Pricing",
      "severity": "Unknown",
      "invocations": 1,
      "succeeded_invocations": 1,
      "failed_invocations": 0,
      "total_api_calls": {},
      "min_exec": 0.0009801387786865234,
      "max_exec": 0.0009801387786865234,
      "total_exec": 0.0009801387786865234,
      "average_exec": 0.0009801387786865234,
      "resources_failed": 1,
      "resources_scanned": 5,
      "average_resources_scanned": 5,
      "average_resources_failed": 1
    },
    {
      "id": "ecc-azure-376-cis_defender_cosmodb",
      "policy": "Description for ecc-azure-376-cis_defender_cosmodb",
      "region": "global",
      "resource_type": "azure.defender-pricing",
      "service": "Defender Pricing",
      "severity": "Unknown",
      "invocations": 1,
      "succeeded_invocations": 1,
      "failed_invocations": 0,
      "total_api_calls": {},
      "min_exec": 0.0006301403045654297,
      "max_exec": 0.0006301403045654297,
      "total_exec": 0.0006301403045654297,
      "average_exec": 0.0006301403045654297,
      "resources_failed": 1,
      "resources_scanned": 5,
      "average_resources_scanned": 5,
      "average_resources_failed": 1
    },
    {
      "id": "ecc-azure-099-cis_sec_defender_aks",
      "policy": "Description for ecc-azure-099-cis_sec_defender_aks",
      "region": "global",
      "resource_type": "azure.defender-pricing",
      "service": "Defender Pricing",
      "severity": "Unknown",
      "invocations": 1,
      "succeeded_invocations": 1,
      "failed_invocations": 0,
      "total_api_calls": {},
      "min_exec": 0.0011489391326904297,
      "max_exec": 0.0011489391326904297,
      "total_exec": 0.0011489391326904297,
      "average_exec": 0.0011489391326904297,
      "resources_failed": 1,
      "resources_scanned": 5,
      "average_resources_scanned": 5,
      "average_resources_failed": 1
    },
    {
      "id": "ecc-azure-213-asb_lt_defender_dns",
      "policy": "Description for ecc-azure-213-asb_lt_defender_dns",
      "region": "global",
      "resource_type": "azure.defender-pricing",
      "service": "Defender Pricing",
      "severity": "Unknown",
      "invocations": 1,
      "succeeded_invocations": 1,
      "failed_invocations": 0,
      "total_api_calls": {},
      "min_exec": 0.0008161067962646484,
      "max_exec": 0.0008161067962646484,
      "total_exec": 0.0008161067962646484,
      "average_exec": 0.0008161067962646484,
      "resources_failed": 1,
      "resources_scanned": 5,
      "average_resources_scanned": 5,
      "average_resources_failed": 1
    }
  ],
  "outdated_tenants": [],
  "resources_violated": 5
}
