{
  "data": {
    "AWS": {
      "activated": true,
      "license_properties": {
        "Rulesets": [
          "AWS 1.0.0"
        ],
        "Number of licenses": 1,
        "Event-Driven mode": "On",
        "Scans frequency": "10 scans per DAY",
        "Expiration": "Feb 01, 2100 15:24:26 UTC"
      },
      "total_scanned_tenants": 1,
      "last_scan_date": "2025-03-26T00:30:17.505416Z",
      "average_data": {
        "Standard1 v1.0.0": 0.5,
        "Standard1 v2.0.0": 0.25,
        "Standard2": 0.125
      }
    },
    "AZURE": {
      "activated": true,
      "license_properties": {
        "Rulesets": [
          "AZURE 1.0.0"
        ],
        "Number of licenses": 1,
        "Event-Driven mode": "On",
        "Scans frequency": "10 scans per DAY",
        "Expiration": "Feb 01, 2100 15:24:26 UTC"
      },
      "total_scanned_tenants": 1,
      "last_scan_date": "2025-03-26T00:30:17.505416Z",
      "average_data": {}
    },
    "GOOGLE": {
      "activated": true,
      "license_properties": {
        "Rulesets": [
          "GOOGLE 1.0.0"
        ],
        "Number of licenses": 1,
        "Event-Driven mode": "On",
        "Scans frequency": "10 scans per DAY",
        "Expiration": "Feb 01, 2100 15:24:26 UTC"
      },
      "total_scanned_tenants": 1,
      "last_scan_date": "2025-03-26T00:30:17.505416Z",
      "average_data": {}
    }
  },
  "outdated_tenants": []
}