{
  "data": {
    "AWS": {
      "failed_scans": 1,
      "last_scan_date": "2025-03-26T00:28:39.367318Z",
      "resources_violated": 23,
      "resource_types_data": {
        "Security Group": 3,
        "Sns": 3,
        "S3": 7,
        "Cloudtrail": 1,
        "Iam Group": 3,
        "Ebs": 2,
        "Ec2": 2,
        "Ecr": 2
      },
      "severity_data": {
        "Unknown": 23
      },
      "succeeded_scans": 1,
      "total_scanned_tenants": 1,
      "total_scans": 2,
      "activated": true,
      "license_properties": {
        "Rulesets": [
          "AWS 1.0.0"
        ],
        "Number of licenses": 1,
        "Event-Driven mode": "On",
        "Scans frequency": "10 scans per DAY",
        "Expiration": "Feb 01, 2100 15:24:26 UTC"
      }
    },
    "AZURE": {
      "failed_scans": 1,
      "last_scan_date": "2025-03-26T00:28:39.367318Z",
      "resources_violated": 5,
      "resource_types_data": {
        "Defender Pricing": 5
      },
      "severity_data": {
        "Unknown": 5
      },
      "succeeded_scans": 1,
      "total_scanned_tenants": 1,
      "total_scans": 2,
      "activated": true,
      "license_properties": {
        "Rulesets": [
          "AZURE 1.0.0"
        ],
        "Number of licenses": 1,
        "Event-Driven mode": "On",
        "Scans frequency": "10 scans per DAY",
        "Expiration": "Feb 01, 2100 15:24:26 UTC"
      }
    },
    "GOOGLE": {
      "failed_scans": 1,
      "last_scan_date": "2025-03-26T00:28:39.367318Z",
      "resources_violated": 9,
      "resource_types_data": {
        "Vpc": 1,
        "Firewall": 4,
        "Subnet": 4
      },
      "severity_data": {
        "Unknown": 9
      },
      "succeeded_scans": 1,
      "total_scanned_tenants": 1,
      "total_scans": 2,
      "activated": true,
      "license_properties": {
        "Rulesets": [
          "GOOGLE 1.0.0"
        ],
        "Number of licenses": 1,
        "Event-Driven mode": "On",
        "Scans frequency": "10 scans per DAY",
        "Expiration": "Feb 01, 2100 15:24:26 UTC"
      }
    }
  },
  "outdated_tenants": []
}