{
  "data": {
    "AWS": [
      {
        "tenant_display_name": "testing",
        "sort_by": 0.2916666666666667,
        "data": {
          "Standard1 v1.0.0": 0.5,
          "Standard1 v2.0.0": 0.25,
          "Standard2": 0.125
        }
      }
    ],
    "AZURE": [
      {
        "tenant_display_name": "testing",
        "sort_by": 0,
        "data": {}
      }
    ],
    "GOOGLE": [
      {
        "tenant_display_name": "testing",
        "sort_by": 0,
        "data": {}
      }
    ]
  },
  "outdated_tenants": []
}
