{
  "data": [
    {
      "tenant_display_name": "testing",
      "sort_by": 37,
      "data": {
        "GOOGLE": {
          "last_scan_date": "2025-07-28T00:59:27.298066Z",
          "activated_regions": [],
          "tenant_name": "GOOGLE-TESTING",
          "account_id": "testing-project-123",
          "total_scans": 2,
          "succeeded_scans": 1,
          "failed_scans": 1,
          "resources_violated": 9,
          "resource_types_data": {
            "gcp.vpc": 1,
            "gcp.firewall": 4,
            "gcp.subnet": 4
          },
          "severity_data": {
            "Unknown": 9
          }
        },
        "AWS": {
          "last_scan_date": "2025-07-28T00:59:27.298066Z",
          "activated_regions": [
            "eu-central-1",
            "eu-north-1",
            "eu-west-1",
            "eu-west-3"
          ],
          "tenant_name": "AWS-TESTING",
          "account_id": "123456789012",
          "total_scans": 2,
          "succeeded_scans": 1,
          "failed_scans": 1,
          "resources_violated": 23,
          "resource_types_data": {
            "aws.security-group": 3,
            "aws.sns": 3,
            "aws.s3": 7,
            "aws.cloudtrail": 1,
            "aws.iam-group": 3,
            "aws.ebs": 2,
            "aws.ec2": 2,
            "aws.ecr": 2
          },
          "severity_data": {
            "Unknown": 23
          }
        },
        "AZURE": {
          "last_scan_date": "2025-07-28T00:59:27.298066Z",
          "activated_regions": [],
          "tenant_name": "AZURE-TESTING",
          "account_id": "3d615fa8-05c6-47ea-990d-9d162testing",
          "total_scans": 2,
          "succeeded_scans": 1,
          "failed_scans": 1,
          "resources_violated": 5,
          "resource_types_data": {
            "azure.defender-pricing": 5
          },
          "severity_data": {
            "Unknown": 5
          }
        }
      }
    }
  ],
  "outdated_tenants": []
}
