{
  "outdated_tenants": [],
  "data": {
    "AWS": [
      {
        "tenant_display_name": "testing",
        "sort_by": 23,
        "data": {
          "activated_regions": [
            "eu-central-1",
            "eu-north-1",
            "eu-west-1",
            "eu-west-3"
          ],
          "tenant_name": "AWS-TESTING",
          "last_scan_date": "2025-07-28T00:59:27.298066Z",
          "total_scans": 2,
          "failed_scans": 1,
          "succeeded_scans": 1,
          "resources_violated": 23,
          "resource_types_data": {
            "aws.security-group": 3,
            "aws.sns": 3,
            "aws.s3": 7,
            "aws.cloudtrail": 1,
            "aws.iam-group": 3,
            "aws.ebs": 2,
            "aws.ec2": 2,
            "aws.ecr": 2
          },
          "severity_data": {
            "Unknown": 23
          }
        }
      }
    ],
    "AZURE": [
      {
        "tenant_display_name": "testing",
        "sort_by": 5,
        "data": {
          "activated_regions": [],
          "tenant_name": "AZURE-TESTING",
          "last_scan_date": "2025-07-28T00:59:27.298066Z",
          "total_scans": 2,
          "failed_scans": 1,
          "succeeded_scans": 1,
          "resources_violated": 5,
          "resource_types_data": {
            "azure.defender-pricing": 5
          },
          "severity_data": {
            "Unknown": 5
          }
        }
      }
    ],
    "GOOGLE": [
      {
        "tenant_display_name": "testing",
        "sort_by": 9,
        "data": {
          "activated_regions": [],
          "tenant_name": "GOOGLE-TESTING",
          "last_scan_date": "2025-07-28T00:59:27.298066Z",
          "total_scans": 2,
          "failed_scans": 1,
          "succeeded_scans": 1,
          "resources_violated": 9,
          "resource_types_data": {
            "gcp.vpc": 1,
            "gcp.firewall": 4,
            "gcp.subnet": 4
          },
          "severity_data": {
            "Unknown": 9
          }
        }
      }
    ]
  }
}
