{
  "data": {
    "AWS": [
      {
        "tenant_display_name": "testing",
        "last_scan_date": "2025-07-28T00:59:27.298066Z",
        "activated_regions": [
          "eu-central-1",
          "eu-north-1",
          "eu-west-1",
          "eu-west-3"
        ],
        "tenant_name": "AWS-TESTING",
        "account_id": "123456789012",
        "sort_by": 23,
        "data": [
          {
            "tactic_id": "TA0009",
            "tactic": "Collection",
            "severity_data": {
              "Unknown": 3
            }
          }
        ]
      }
    ],
    "AZURE": [
      {
        "tenant_display_name": "testing",
        "last_scan_date": "2025-07-28T00:59:27.298066Z",
        "activated_regions": [],
        "tenant_name": "AZURE-TESTING",
        "account_id": "3d615fa8-05c6-47ea-990d-9d162testing",
        "sort_by": 5,
        "data": []
      }
    ],
    "GOOGLE": [
      {
        "tenant_display_name": "testing",
        "last_scan_date": "2025-07-28T00:59:27.298066Z",
        "activated_regions": [],
        "tenant_name": "GOOGLE-TESTING",
        "account_id": "testing-project-123",
        "sort_by": 9,
        "data": []
      }
    ]
  },
  "outdated_tenants": []
}
