{
  "succeeded_scans": 1,
  "activated_regions": [],
  "last_scan_date": "2025-08-01T00:46:28.310337Z",
  "id": "testing-project-123",
  "data": [
    {
      "policy": "Description for ecc-gcp-240-slow_query_log_database_flag_for_cloud_sql_mysql",
      "region": "global",
      "resource_type": "gcp.sql-instance",
      "service": "Sql Instance",
      "severity": "Unknown",
      "invocations": 1,
      "succeeded_invocations": 1,
      "failed_invocations": 0,
      "total_api_calls": {},
      "min_exec": 0.0007588863372802734,
      "max_exec": 0.0007588863372802734,
      "total_exec": 0.0007588863372802734,
      "average_exec": 0.0007588863372802734,
      "resources_failed": 0,
      "resources_scanned": 0,
      "average_resources_scanned": 0,
      "average_resources_failed": 0
    },
    {
      "policy": "Description for ecc-gcp-237-postgresql_use_the_latest_major_version",
      "region": "global",
      "resource_type": "gcp.sql-instance",
      "service": "Sql Instance",
      "severity": "Unknown",
      "invocations": 1,
      "succeeded_invocations": 1,
      "failed_invocations": 0,
      "total_api_calls": {},
      "min_exec": 0.0007932186126708984,
      "max_exec": 0.0007932186126708984,
      "total_exec": 0.0007932186126708984,
      "average_exec": 0.0007932186126708984,
      "resources_failed": 0,
      "resources_scanned": 0,
      "average_resources_scanned": 0,
      "average_resources_failed": 0
    },
    {
      "policy": "Description for ecc-gcp-153-vm_instances_without_any_label_information",
      "region": "global",
      "resource_type": "gcp.instance",
      "service": "Instance",
      "severity": "Unknown",
      "invocations": 1,
      "succeeded_invocations": 1,
      "failed_invocations": 0,
      "total_api_calls": {},
      "min_exec": 0.0006279945373535156,
      "max_exec": 0.0006279945373535156,
      "total_exec": 0.0006279945373535156,
      "average_exec": 0.0006279945373535156,
      "resources_failed": 0,
      "resources_scanned": 0,
      "average_resources_scanned": 0,
      "average_resources_failed": 0
    },
    {
      "policy": "Description for ecc-gcp-025-no_default_network",
      "region": "global",
      "resource_type": "gcp.vpc",
      "service": "Vpc",
      "severity": "Unknown",
      "invocations": 1,
      "succeeded_invocations": 1,
      "failed_invocations": 0,
      "total_api_calls": {},
      "min_exec": 0.0008008480072021484,
      "max_exec": 0.0008008480072021484,
      "total_exec": 0.0008008480072021484,
      "average_exec": 0.0008008480072021484,
      "resources_failed": 1,
      "resources_scanned": 0,
      "average_resources_scanned": 0,
      "average_resources_failed": 1
    },
    {
      "policy": "Description for ecc-gcp-272-firewall_logging_enabled",
      "region": "global",
      "resource_type": "gcp.firewall",
      "service": "Firewall",
      "severity": "Unknown",
      "invocations": 1,
      "succeeded_invocations": 1,
      "failed_invocations": 0,
      "total_api_calls": {},
      "min_exec": 0.010553836822509766,
      "max_exec": 0.010553836822509766,
      "total_exec": 0.010553836822509766,
      "average_exec": 0.010553836822509766,
      "resources_failed": 4,
      "resources_scanned": 0,
      "average_resources_scanned": 0,
      "average_resources_failed": 4
    },
    {
      "policy": "Description for ecc-gcp-109-prevent_allow_all_ingress",
      "region": "global",
      "resource_type": "gcp.firewall",
      "service": "Firewall",
      "severity": "Unknown",
      "invocations": 1,
      "succeeded_invocations": 1,
      "failed_invocations": 0,
      "total_api_calls": {},
      "min_exec": 0.0009238719940185547,
      "max_exec": 0.0009238719940185547,
      "total_exec": 0.0009238719940185547,
      "average_exec": 0.0009238719940185547,
      "resources_failed": 1,
      "resources_scanned": 0,
      "average_resources_scanned": 0,
      "average_resources_failed": 1
    },
    {
      "policy": "Description for ecc-gcp-104-default_firewall_rule_in_use",
      "region": "global",
      "resource_type": "gcp.firewall",
      "service": "Firewall",
      "severity": "Unknown",
      "invocations": 1,
      "succeeded_invocations": 1,
      "failed_invocations": 0,
      "total_api_calls": {},
      "min_exec": 0.0007839202880859375,
      "max_exec": 0.0007839202880859375,
      "total_exec": 0.0007839202880859375,
      "average_exec": 0.0007839202880859375,
      "resources_failed": 4,
      "resources_scanned": 0,
      "average_resources_scanned": 0,
      "average_resources_failed": 4
    },
    {
      "policy": "Description for ecc-gcp-033-vpc_flow_logs_for_every_subnet",
      "region": "global",
      "resource_type": "gcp.subnet",
      "service": "Subnet",
      "severity": "Unknown",
      "invocations": 1,
      "succeeded_invocations": 1,
      "failed_invocations": 0,
      "total_api_calls": {},
      "min_exec": 0.0016372203826904297,
      "max_exec": 0.0016372203826904297,
      "total_exec": 0.0016372203826904297,
      "average_exec": 0.0016372203826904297,
      "resources_failed": 4,
      "resources_scanned": 0,
      "average_resources_scanned": 0,
      "average_resources_failed": 4
    },
    {
      "policy": "Description for ecc-gcp-027-dnssec_for_cloud_dns",
      "region": "global",
      "resource_type": "gcp.dns-managed-zone",
      "service": "Dns Managed Zone",
      "severity": "Unknown",
      "invocations": 1,
      "succeeded_invocations": 0,
      "failed_invocations": 1,
      "total_api_calls": {},
      "min_exec": 0.0006399154663085938,
      "max_exec": 0.0006399154663085938,
      "total_exec": 0.0006399154663085938,
      "average_exec": 0.0006399154663085938,
      "resources_failed": 0,
      "resources_scanned": 0,
      "average_resources_scanned": 0,
      "average_resources_failed": 0
    },
    {
      "policy": "Description for ecc-gcp-101-load_balancer_access_logging_disabled",
      "region": "global",
      "resource_type": "gcp.loadbalancer-backend-service",
      "service": "Loadbalancer Backend Service",
      "severity": "Unknown",
      "invocations": 1,
      "succeeded_invocations": 0,
      "failed_invocations": 1,
      "total_api_calls": {},
      "min_exec": 0.0006928443908691406,
      "max_exec": 0.0006928443908691406,
      "total_exec": 0.0006928443908691406,
      "average_exec": 0.0006928443908691406,
      "resources_failed": 0,
      "resources_scanned": 0,
      "average_resources_scanned": 0,
      "average_resources_failed": 0
    }
  ],
  "outdated_tenants": [],
  "resources_violated": 9
}
