{
  "receivers": [
    "admin@gmail.com"
  ],
  "customer": "TEST_CUSTOMER",
  "metadata": {
    "type": "OPERATIONAL_DEPRECATION",
    "description": "Displays resources that will be soon deprecated",
    "version": "2.0.0",
    "created_at": "2025-07-18T09:01:35.190964Z",
    "to": "2025-07-18T09:01:35.190964Z",
    "from": "2025-07-17T09:01:35.190964Z"
  },
  "externalData": false,
  "data": [
    {
      "category": "Runtime version",
      "deprecation_date": "2100-01-27",
      "is_deprecated": false,
      "deprecation_severity": "Low",
      "deprecation_link": "https://example.com",
      "policy": "ecc-azure-096-cis_sec_defender_azure_sql",
      "regions_data": {
        "global": {
          "resources": [
            {
              "id": "/subscriptions/3d615fa8-05c6-47ea-990d-9d162testing/providers/Microsoft.Security/pricings/SqlServers",
              "name": "SqlServers",
              "sre:date": 1729502334.624495
            }
          ]
        }
      }
    }
  ],
  "tenant_name": "AZURE-TESTING",
  "id": "3d615fa8-05c6-47ea-990d-9d162testing",
  "cloud": "AZURE",
  "tenant_metadata": {
    "licenses": [
      {
        "id": "license-key",
        "rulesets": [
          "AZURE"
        ],
        "total_rules": 10,
        "jobs": 10,
        "per": "DAY",
        "description": "Testing license",
        "valid_until": "2100-02-01T15:24:26.175778Z",
        "valid_from": "2025-07-18T08:56:51.494908Z"
      }
    ],
    "is_automatic_scans_enabled": true,
    "in_progress_scans": 0,
    "finished_scans": 2,
    "succeeded_scans": 1,
    "last_scan_date": "2025-07-18T00:56:49.991441Z",
    "activated_regions": [],
    "rules": {
      "total": 1,
      "disabled": [],
      "deprecated": [],
      "passed": [],
      "failed": [],
      "violated": [
        {
          "id": "ecc-azure-096-cis_sec_defender_azure_sql",
          "description": "Description for ecc-azure-096-cis_sec_defender_azure_sql",
          "remediation": "Remediation text here",
          "remediation_complexity": "Medium-High",
          "severity": "Unknown",
          "service": "Defender Pricing",
          "resource_type": "azure.defender-pricing",
          "when": 1729502334.624495
        }
      ]
    }
  }
}
