{
  "receivers": [
    "admin@gmail.com"
  ],
  "customer": "TEST_CUSTOMER",
  "metadata": {
    "type": "OPERATIONAL_FINOPS",
    "description": "Finops report per tenant as of date of generation",
    "version": "2.0.0",
    "created_at": "2025-07-18T09:00:44.100392Z",
    "to": "2025-07-18T09:00:44.100392Z",
    "from": "2025-07-17T09:00:44.100392Z"
  },
  "externalData": false,
  "data": [
    {
      "service_section": "Compute",
      "rules_data": [
        {
          "policy": "ecc-aws-070-unused_ec2_security_groups",
          "category": "Unused Resources",
          "regions_data": {
            "eu-central-1": {
              "resources": [
                {
                  "id": "sg-0ae266faddaef17e9",
                  "name": "packer-ssh-access",
                  "arn": "arn:aws:ec2:eu-central-1:123456789012:security-group/sg-0ae266faddaef17e9",
                  "sre:date": 1729253757.393474
                },
                {
                  "id": "sg-05209ceeb761317e5",
                  "name": "west-eu",
                  "arn": "arn:aws:ec2:eu-central-1:123456789012:security-group/sg-05209ceeb761317e5",
                  "sre:date": 1729253757.393474
                },
                {
                  "id": "sg-09d19538187df66cf",
                  "name": "asia",
                  "arn": "arn:aws:ec2:eu-central-1:123456789012:security-group/sg-09d19538187df66cf",
                  "sre:date": 1729253757.393474
                }
              ]
            }
          }
        }
      ]
    }
  ],
  "exceptions_data": [],
  "tenant_name": "AWS-TESTING",
  "id": "123456789012",
  "cloud": "AWS",
  "tenant_metadata": {
    "licenses": [
      {
        "id": "license-key",
        "rulesets": [
          "AWS"
        ],
        "total_rules": 15,
        "jobs": 10,
        "per": "DAY",
        "description": "Testing license",
        "valid_until": "2100-02-01T15:24:26.175778Z",
        "valid_from": "2025-07-18T08:56:49.203236Z"
      }
    ],
    "is_automatic_scans_enabled": true,
    "in_progress_scans": 0,
    "finished_scans": 2,
    "succeeded_scans": 1,
    "last_scan_date": "2025-07-18T00:56:49.991441Z",
    "activated_regions": [
      "eu-north-1",
      "eu-west-3",
      "eu-central-1",
      "eu-west-1"
    ],
    "rules": {
      "total": 1,
      "disabled": [],
      "deprecated": [],
      "passed": [],
      "failed": [],
      "violated": [
        {
          "id": "ecc-aws-070-unused_ec2_security_groups",
          "description": "Description for ecc-aws-070-unused_ec2_security_groups",
          "remediation": "",
          "remediation_complexity": "Unknown",
          "severity": "Unknown",
          "service": "Security Group",
          "resource_type": "aws.security-group",
          "when": 1729253757.393474
        }
      ]
    }
  }
}
