{
  "receivers": [
    "admin@gmail.com"
  ],
  "customer": "TEST_CUSTOMER",
  "metadata": {
    "type": "OPERATIONAL_OVERVIEW",
    "description": "Data for a specific tenant of any cloud for a week period from Sunday till Sunday. Contains number of different jobs, total number of resources by region and by severities",
    "version": "2.0.0",
    "created_at": "2025-08-01T12:25:47.189172Z",
    "to": "2025-08-01T12:25:47.189172Z",
    "from": "2025-07-31T12:25:47.189172Z"
  },
  "externalData": false,
  "data": {
    "resources_violated": 23,
    "resources_scanned": 0,
    "rules_data": {
      "violated": 0,
      "passed": 0,
      "failed": 0,
      "applied": 0
    },
    "regions_data": {
      "eu-central-1": {
        "resources_data": {
          "Info": 0,
          "Low": 0,
          "Medium": 0,
          "High": 0,
          "Unknown": 7
        },
        "violations_data": {
          "Info": 0,
          "Low": 0,
          "Medium": 0,
          "High": 0,
          "Unknown": 8
        },
        "attacks_data": {
          "Info": 0,
          "Low": 0,
          "Medium": 0,
          "High": 0,
          "Unknown": 9
        },
        "standards_data": [
          {
            "name": "Standard1 v1.0.0",
            "value": 50.0
          },
          {
            "name": "Standard1 v2.0.0",
            "value": 25.0
          },
          {
            "name": "Standard2",
            "value": 12.5
          }
        ]
      },
      "global": {
        "resources_data": {
          "Info": 0,
          "Low": 0,
          "Medium": 0,
          "High": 0,
          "Unknown": 4
        },
        "violations_data": {
          "Info": 0,
          "Low": 0,
          "Medium": 0,
          "High": 0,
          "Unknown": 4
        },
        "attacks_data": {
          "Info": 0,
          "Low": 0,
          "Medium": 0,
          "High": 0,
          "Unknown": 0
        },
        "standards_data": []
      },
      "eu-west-1": {
        "resources_data": {
          "Info": 0,
          "Low": 0,
          "Medium": 0,
          "High": 0,
          "Unknown": 10
        },
        "violations_data": {
          "Info": 0,
          "Low": 0,
          "Medium": 0,
          "High": 0,
          "Unknown": 12
        },
        "attacks_data": {
          "Info": 0,
          "Low": 0,
          "Medium": 0,
          "High": 0,
          "Unknown": 0
        },
        "standards_data": []
      },
      "eu-north-1": {
        "resources_data": {
          "Info": 0,
          "Low": 0,
          "Medium": 0,
          "High": 0,
          "Unknown": 1
        },
        "violations_data": {
          "Info": 0,
          "Low": 0,
          "Medium": 0,
          "High": 0,
          "Unknown": 1
        },
        "attacks_data": {
          "Info": 0,
          "Low": 0,
          "Medium": 0,
          "High": 0,
          "Unknown": 0
        },
        "standards_data": []
      },
      "eu-west-3": {
        "resources_data": {
          "Info": 0,
          "Low": 0,
          "Medium": 0,
          "High": 0,
          "Unknown": 1
        },
        "violations_data": {
          "Info": 0,
          "Low": 0,
          "Medium": 0,
          "High": 0,
          "Unknown": 1
        },
        "attacks_data": {
          "Info": 0,
          "Low": 0,
          "Medium": 0,
          "High": 0,
          "Unknown": 0
        },
        "standards_data": []
      }
    }
  },
  "tenant_name": "AWS-TESTING",
  "id": "123456789012",
  "cloud": "AWS",
  "tenant_metadata": {
    "licenses": [
      {
        "id": "license-key",
        "rulesets": [
          "AWS"
        ],
        "total_rules": 15,
        "jobs": 10,
        "per": "DAY",
        "description": "Testing license",
        "valid_until": "2100-02-01T15:24:26.175778Z",
        "valid_from": "2025-08-01T12:19:06.850812Z"
      }
    ],
    "is_automatic_scans_enabled": true,
    "in_progress_scans": 0,
    "finished_scans": 2,
    "succeeded_scans": 1,
    "last_scan_date": "2025-08-01T00:19:07.628071Z",
    "activated_regions": [
      "eu-central-1",
      "eu-west-3",
      "eu-north-1",
      "eu-west-1"
    ],
    "rules": {
      "total": 15,
      "disabled": [],
      "deprecated": [
        "ecc-aws-123-s3_test_policy-deprecated"
      ],
      "passed": [
        {
          "id": "ecc-aws-150-api_gateway_rest_api_encryption_at_rest",
          "description": "Description for ecc-aws-150-api_gateway_rest_api_encryption_at_rest",
          "region": "eu-central-1",
          "when": 1729253765.068435
        },
        {
          "id": "ecc-aws-149-rds_public_access_disabled",
          "description": "Description for ecc-aws-149-rds_public_access_disabled",
          "region": "eu-west-1",
          "when": 1729253903.48386
        },
        {
          "id": "ecc-aws-167-security_group_ingress_is_restricted_traffic_to_port_143",
          "description": "Description for ecc-aws-167-security_group_ingress_is_restricted_traffic_to_port_143",
          "region": "eu-west-1",
          "when": 1729253907.736023
        }
      ],
      "failed": [
        {
          "id": "ecc-aws-527-waf_global_webacl_not_empty",
          "description": "Description for ecc-aws-527-waf_global_webacl_not_empty",
          "region": "global",
          "when": 1729253695.95428,
          "error_type": "ACCESS",
          "error": "AccessDenied Exception"
        },
        {
          "id": "ecc-aws-427-rds_cluster_without_tag_information",
          "description": "Description for ecc-aws-427-rds_cluster_without_tag_information",
          "region": "eu-west-1",
          "when": 1729253941.712029,
          "error_type": "ACCESS",
          "error": "AccessDenied Exception"
        }
      ],
      "violated": [
        {
          "id": "ecc-aws-070-unused_ec2_security_groups",
          "description": "Description for ecc-aws-070-unused_ec2_security_groups",
          "remediation": "",
          "remediation_complexity": "Unknown",
          "severity": "Unknown",
          "service": "Security Group",
          "resource_type": "aws.security-group",
          "when": 1729253757.393474
        },
        {
          "id": "ecc-aws-374-cloudtrail_logs_data_events",
          "description": "Description for ecc-aws-374-cloudtrail_logs_data_events",
          "remediation": "",
          "remediation_complexity": "Unknown",
          "severity": "Unknown",
          "service": "Cloudtrail",
          "resource_type": "aws.cloudtrail",
          "when": 1729253780.092237
        },
        {
          "id": "ecc-aws-221-sns_kms_encryption_enabled",
          "description": "Description for ecc-aws-221-sns_kms_encryption_enabled",
          "remediation": "",
          "remediation_complexity": "Unknown",
          "severity": "Unknown",
          "service": "Sns",
          "resource_type": "aws.sns",
          "when": 1729253769.274071
        },
        {
          "id": "ecc-aws-112-s3_bucket_versioning_mfa_delete_enabled",
          "description": "Description for ecc-aws-112-s3_bucket_versioning_mfa_delete_enabled",
          "remediation": "",
          "remediation_complexity": "Unknown",
          "severity": "Unknown",
          "service": "S3",
          "resource_type": "aws.s3",
          "when": 1729253612.904913
        },
        {
          "id": "ecc-aws-499-iam_group_has_users_check",
          "description": "Description for ecc-aws-499-iam_group_has_users_check",
          "remediation": "",
          "remediation_complexity": "Unknown",
          "severity": "Unknown",
          "service": "Iam Group",
          "resource_type": "aws.iam-group",
          "when": 1729253695.934546
        },
        {
          "id": "ecc-aws-516-s3_event_notifications_enabled",
          "description": "Description for ecc-aws-516-s3_event_notifications_enabled",
          "remediation": "",
          "remediation_complexity": "Unknown",
          "severity": "Unknown",
          "service": "S3",
          "resource_type": "aws.s3",
          "when": 1729253632.1969962
        },
        {
          "id": "ecc-aws-575-ebs_volumes_attached_to_stopped_ec2_instances",
          "description": "Description for ecc-aws-575-ebs_volumes_attached_to_stopped_ec2_instances",
          "remediation": "",
          "remediation_complexity": "Unknown",
          "severity": "Unknown",
          "service": "Ebs",
          "resource_type": "aws.ebs",
          "when": 1729253990.192673
        },
        {
          "id": "ecc-aws-490-ec2_token_hop_limit_check",
          "description": "Description for ecc-aws-490-ec2_token_hop_limit_check",
          "remediation": "",
          "remediation_complexity": "Unknown",
          "severity": "Unknown",
          "service": "Ec2",
          "resource_type": "aws.ec2",
          "when": 1729253946.722402
        },
        {
          "id": "ecc-aws-229-ecr_repository_kms_encryption_enabled",
          "description": "Description for ecc-aws-229-ecr_repository_kms_encryption_enabled",
          "remediation": "",
          "remediation_complexity": "Unknown",
          "severity": "Unknown",
          "service": "Ecr",
          "resource_type": "aws.ecr",
          "when": 1729253920.7997608
        }
      ]
    }
  }
}
